[debug] [2026-04-22T02:46:44.009Z] ----------------------------------------------------------------------
[debug] [2026-04-22T02:46:44.011Z] Command:       /Users/fasalgafoork/.nvm/versions/node/v23.11.1/bin/node /Users/fasalgafoork/.nvm/versions/node/v23.11.1/bin/firebase deploy
[debug] [2026-04-22T02:46:44.011Z] CLI Version:   15.7.0
[debug] [2026-04-22T02:46:44.011Z] Platform:      darwin
[debug] [2026-04-22T02:46:44.011Z] Node Version:  v23.11.1
[debug] [2026-04-22T02:46:44.012Z] Time:          Wed Apr 22 2026 08:16:44 GMT+0530 (India Standard Time)
[debug] [2026-04-22T02:46:44.012Z] ----------------------------------------------------------------------
[debug] 
[debug] [2026-04-22T02:46:44.013Z] >>> [apiv2][query] GET https://firebase-public.firebaseio.com/cli.json [none]
[debug] [2026-04-22T02:46:44.946Z] > command requires scopes: ["email","openid","https://www.googleapis.com/auth/cloudplatformprojects.readonly","https://www.googleapis.com/auth/firebase","https://www.googleapis.com/auth/cloud-platform"]
[debug] [2026-04-22T02:46:44.946Z] > authorizing via signed-in user (fasalgafoork@gmail.com)
[debug] [2026-04-22T02:46:44.946Z] [iam] checking project smarttaxi-2b1ec for permissions ["firebase.projects.get","firebasehosting.sites.update"]
[debug] [2026-04-22T02:46:44.946Z] Checked if tokens are valid: false, expires at: 1776716467182
[debug] [2026-04-22T02:46:44.946Z] Checked if tokens are valid: false, expires at: 1776716467182
[debug] [2026-04-22T02:46:44.946Z] > refreshing access token with scopes: []
[debug] [2026-04-22T02:46:44.947Z] >>> [apiv2][query] POST https://www.googleapis.com/oauth2/v3/token [none]
[debug] [2026-04-22T02:46:44.947Z] >>> [apiv2][body] POST https://www.googleapis.com/oauth2/v3/token [omitted]
[debug] [2026-04-22T02:46:45.097Z] <<< [apiv2][status] POST https://www.googleapis.com/oauth2/v3/token 200
[debug] [2026-04-22T02:46:45.097Z] <<< [apiv2][body] POST https://www.googleapis.com/oauth2/v3/token [omitted]
[debug] [2026-04-22T02:46:45.107Z] >>> [apiv2][query] POST https://cloudresourcemanager.googleapis.com/v1/projects/smarttaxi-2b1ec:testIamPermissions [none]
[debug] [2026-04-22T02:46:45.107Z] >>> [apiv2][(partial)header] POST https://cloudresourcemanager.googleapis.com/v1/projects/smarttaxi-2b1ec:testIamPermissions  x-goog-user-project=smarttaxi-2b1ec
[debug] [2026-04-22T02:46:45.107Z] >>> [apiv2][body] POST https://cloudresourcemanager.googleapis.com/v1/projects/smarttaxi-2b1ec:testIamPermissions {"permissions":["firebase.projects.get","firebasehosting.sites.update"]}
[debug] [2026-04-22T02:46:45.738Z] <<< [apiv2][status] GET https://firebase-public.firebaseio.com/cli.json 200
[debug] [2026-04-22T02:46:45.738Z] <<< [apiv2][body] GET https://firebase-public.firebaseio.com/cli.json {"cloudBuildErrorAfter":1594252800000,"cloudBuildWarnAfter":1590019200000,"defaultNode10After":1594252800000,"minVersion":"3.0.5","node8DeploysDisabledAfter":1613390400000,"node8RuntimeDisabledAfter":1615809600000,"node8WarnAfter":1600128000000}
[debug] [2026-04-22T02:46:46.430Z] <<< [apiv2][status] POST https://cloudresourcemanager.googleapis.com/v1/projects/smarttaxi-2b1ec:testIamPermissions 200
[debug] [2026-04-22T02:46:46.430Z] <<< [apiv2][body] POST https://cloudresourcemanager.googleapis.com/v1/projects/smarttaxi-2b1ec:testIamPermissions {"permissions":["firebase.projects.get","firebasehosting.sites.update"]}
[debug] [2026-04-22T02:46:46.431Z] Checked if tokens are valid: true, expires at: 1776829604097
[debug] [2026-04-22T02:46:46.431Z] Checked if tokens are valid: true, expires at: 1776829604097
[debug] [2026-04-22T02:46:46.432Z] >>> [apiv2][query] GET https://firebase.googleapis.com/v1beta1/projects/smarttaxi-2b1ec [none]
[debug] [2026-04-22T02:46:47.062Z] <<< [apiv2][status] GET https://firebase.googleapis.com/v1beta1/projects/smarttaxi-2b1ec 200
[debug] [2026-04-22T02:46:47.062Z] <<< [apiv2][body] GET https://firebase.googleapis.com/v1beta1/projects/smarttaxi-2b1ec {"projectId":"smarttaxi-2b1ec","projectNumber":"158247884932","displayName":"smarttaxi","name":"projects/smarttaxi-2b1ec","resources":{"hostingSite":"smarttaxi-2b1ec"},"state":"ACTIVE","etag":"1_a8df6d40-1e6d-4b7d-9ce8-9343a50f33b0"}
[info] 
[info] === Deploying to 'smarttaxi-2b1ec'...
[info] 
[info] i  deploying hosting 
[debug] [2026-04-22T02:46:47.070Z] Checked if tokens are valid: true, expires at: 1776829604097
[debug] [2026-04-22T02:46:47.070Z] Checked if tokens are valid: true, expires at: 1776829604097
[debug] [2026-04-22T02:46:47.070Z] >>> [apiv2][query] POST https://firebasehosting.googleapis.com/v1beta1/projects/-/sites/smarttaxi-2b1ec/versions [none]
[debug] [2026-04-22T02:46:47.070Z] >>> [apiv2][body] POST https://firebasehosting.googleapis.com/v1beta1/projects/-/sites/smarttaxi-2b1ec/versions {"status":"CREATED","labels":{"deployment-tool":"cli-firebase"}}
[debug] [2026-04-22T02:46:48.601Z] <<< [apiv2][status] POST https://firebasehosting.googleapis.com/v1beta1/projects/-/sites/smarttaxi-2b1ec/versions 200
[debug] [2026-04-22T02:46:48.601Z] <<< [apiv2][body] POST https://firebasehosting.googleapis.com/v1beta1/projects/-/sites/smarttaxi-2b1ec/versions {"name":"projects/158247884932/sites/smarttaxi-2b1ec/versions/93fbb1b02653ee51","status":"CREATED","config":{},"labels":{"deployment-tool":"cli-firebase"}}
[info] i  hosting[smarttaxi-2b1ec]: beginning deploy... 
[info] i  hosting[smarttaxi-2b1ec]: found 28 files in dist/bizarabia.webng/browser 
[debug] [2026-04-22T02:46:48.612Z] [hosting] uploading with 200 concurrency
[debug] [2026-04-22T02:46:48.634Z] Checked if tokens are valid: true, expires at: 1776829604097
[debug] [2026-04-22T02:46:48.634Z] Checked if tokens are valid: true, expires at: 1776829604097
[debug] [2026-04-22T02:46:48.634Z] [hosting] hash cache [ZGlzdC9iaXphcmFiaWEud2VibmcvYnJvd3Nlcg] stored for 28 files
[debug] [2026-04-22T02:46:48.635Z] [hosting][hash queue][FINAL] {"max":20,"min":1,"avg":9.035714285714283,"active":0,"complete":28,"success":28,"errored":0,"retried":0,"total":28,"elapsed":22}
[debug] [2026-04-22T02:46:48.635Z] >>> [apiv2][query] POST https://firebasehosting.googleapis.com/v1beta1/projects/158247884932/sites/smarttaxi-2b1ec/versions/93fbb1b02653ee51:populateFiles [none]
[debug] [2026-04-22T02:46:48.635Z] >>> [apiv2][body] POST https://firebasehosting.googleapis.com/v1beta1/projects/158247884932/sites/smarttaxi-2b1ec/versions/93fbb1b02653ee51:populateFiles {"files":{"/smarttaxi-brand.png":"665f0449d555e647579ab6c37bc736c5ff0536fa36e0e6ca422bcacda8d433c6","/smarttaxi-brand-v2.png":"6b3428204484d759e0fe6e0f78c0c624a70a45db71bd33b27a9fb455cbf70bd5","/favicon.ico":"8f1fc0f94ae643bb8757c3cb49f69bf6cb2228f632cb77c7e47d8ee3995d88a7","/assets/smart-taxi-mavoor-road-kozhikode-bz3kt017oe.avif":"32ac8029ec34283e5f0f737f522b96103e1c8672dbb2abff9a479a5fe9264c35","/main-AQGMHSFM.js":"ab917280dca99650993413648950ecc9c12aa4e685d7991ab97a00e48736c398","/chunk-YTAXY2KA.js":"c6974345aede25b832235b1a57c21aadc6faaf7189cd049057dbeb280a112b35","/chunk-WQ2SST2V.js":"3f5fa13efc3e608daacecadbb0ee476f7f0493ccf66010189a3db332ce678f72","/index.html":"0e9dd3475712258253cf7868950ab87f332b55019670973ba3c51443a1b4aea5","/chunk-R3YDUSPP.js":"08bede9c4543cc798b746330c5739d28323e90865b508cf6bc666ed4d662af32","/chunk-MXSAOAMF.js":"d8cd295a0a833a763f9695bcd638bc610bc437e2bced1b66e4da984dd46c8ab8","/chunk-MMGQB5QF.js":"bbb23a777fdd984c6dc18c69072c7054cd1675902dd15c8adaa5e45dd48d6275","/chunk-G3GQDQZS.js":"a7d0e347260da3e2a0eb777ceea2d73250caf3e9183c97c48a74ddc78ce6d640","/chunk-FJE5IKDF.js":"4217ec953235d06dee71b355247bf8b5f9a8ccf2965035e29f21a5ea6ef24d24","/chunk-EM5SNLCN.js":"8eed8a7556ab680312001f2fbc0d6b43a3e8fc51e58b26ff3db21a7cb72634ad","/chunk-DCHNMIRW.js":"6ee0f70fa48dd5ae3b416efbf56485763b6858b8bbc5287fb6b663ba9551790e","/chunk-ZUY2AXGC.js":"deb7d77b5006e6397e6926c587c3df0546b25ed7486b914d155977db08e3f16a","/chunk-5FWS6QF3.js":"2954e6cdd3c0c172557ee7bbca55f8e007bf5122d55728068e92baae0e6fd932","/chunk-2RGFZVB6.js":"19e4252aa52d2c0c399df7434c976db66df3c4f3559701f09fd27dea71994e98","/chunk-AIKF4N3O.js":"acc5de2b39049abf046967fb2a46674bce8a4ebd418bf19ce7e888d1e8133934","/chunk-FIWFSXJW.js":"6fa9400e02d2018d2102ad4f78af57d9c5603a609153cd3d1456d30ffdb270b9","/chunk-OZZ7TDXG.js":"c0f2123297a6283e03e8c1d01258dbeffc81bab08138a3a53c0172b9b89cac30","/chunk-OJ3P5O64.js":"8c0bcb670b8fe0bacfdfb6ebe1afba36b7ed4304313ee2b56c5dfa22774d7331","/chunk-5DBALSDY.js":"294119653326bf9a2fa3759503b44a0ebc0ce85e9a6cc28c866d27811df07c38","/chunk-NBXQU732.js":"87f1192676a58e9eb882baa7b09498b0657f6a12d6c77ac110a7504eb3b4424f","/chunk-VTHKI3ZD.js":"74d8869c75b6eb44a3ee6ed869ab43aa566f6bea38763c8eca9c0aac25cb084c","/styles-RYSVYT34.css":"309083725f839e375b1c17ddfe03da779d23731a098398a421d8efe84ddf86d7","/chunk-RMWV3J2N.js":"975fa36eae2e722e313e8f7fbf35904791ae62a98c8fefde541392f654fa14c9","/chunk-YTCWIYVM.js":"2118a8aa98e4765078e90cc0f4193e228a6e90b0176b5dd594d5d1c8dcb696b2"}}
[debug] [2026-04-22T02:46:49.373Z] <<< [apiv2][status] POST https://firebasehosting.googleapis.com/v1beta1/projects/158247884932/sites/smarttaxi-2b1ec/versions/93fbb1b02653ee51:populateFiles 200
[debug] [2026-04-22T02:46:49.373Z] <<< [apiv2][body] POST https://firebasehosting.googleapis.com/v1beta1/projects/158247884932/sites/smarttaxi-2b1ec/versions/93fbb1b02653ee51:populateFiles {"uploadRequiredHashes":["acc5de2b39049abf046967fb2a46674bce8a4ebd418bf19ce7e888d1e8133934","c0f2123297a6283e03e8c1d01258dbeffc81bab08138a3a53c0172b9b89cac30","c6974345aede25b832235b1a57c21aadc6faaf7189cd049057dbeb280a112b35","6ee0f70fa48dd5ae3b416efbf56485763b6858b8bbc5287fb6b663ba9551790e","2118a8aa98e4765078e90cc0f4193e228a6e90b0176b5dd594d5d1c8dcb696b2","d8cd295a0a833a763f9695bcd638bc610bc437e2bced1b66e4da984dd46c8ab8","ab917280dca99650993413648950ecc9c12aa4e685d7991ab97a00e48736c398","bbb23a777fdd984c6dc18c69072c7054cd1675902dd15c8adaa5e45dd48d6275","4217ec953235d06dee71b355247bf8b5f9a8ccf2965035e29f21a5ea6ef24d24","2954e6cdd3c0c172557ee7bbca55f8e007bf5122d55728068e92baae0e6fd932","19e4252aa52d2c0c399df7434c976db66df3c4f3559701f09fd27dea71994e98","8eed8a7556ab680312001f2fbc0d6b43a3e8fc51e58b26ff3db21a7cb72634ad","87f1192676a58e9eb882baa7b09498b0657f6a12d6c77ac110a7504eb3b4424f","0e9dd3475712258253cf7868950ab87f332b55019670973ba3c51443a1b4aea5","a7d0e347260da3e2a0eb777ceea2d73250caf3e9183c97c48a74ddc78ce6d640","3f5fa13efc3e608daacecadbb0ee476f7f0493ccf66010189a3db332ce678f72","74d8869c75b6eb44a3ee6ed869ab43aa566f6bea38763c8eca9c0aac25cb084c","08bede9c4543cc798b746330c5739d28323e90865b508cf6bc666ed4d662af32","8c0bcb670b8fe0bacfdfb6ebe1afba36b7ed4304313ee2b56c5dfa22774d7331","6fa9400e02d2018d2102ad4f78af57d9c5603a609153cd3d1456d30ffdb270b9","deb7d77b5006e6397e6926c587c3df0546b25ed7486b914d155977db08e3f16a","294119653326bf9a2fa3759503b44a0ebc0ce85e9a6cc28c866d27811df07c38","975fa36eae2e722e313e8f7fbf35904791ae62a98c8fefde541392f654fa14c9"],"uploadUrl":"https://upload-firebasehosting.googleapis.com/upload/sites/smarttaxi-2b1ec/versions/93fbb1b02653ee51/files"}
[debug] [2026-04-22T02:46:49.374Z] Checked if tokens are valid: true, expires at: 1776829604097
[debug] [2026-04-22T02:46:49.374Z] Checked if tokens are valid: true, expires at: 1776829604097
[debug] [2026-04-22T02:46:49.374Z] Checked if tokens are valid: true, expires at: 1776829604097
[debug] [2026-04-22T02:46:49.374Z] Checked if tokens are valid: true, expires at: 1776829604097
[debug] [2026-04-22T02:46:49.374Z] Checked if tokens are valid: true, expires at: 1776829604097
[debug] [2026-04-22T02:46:49.374Z] Checked if tokens are valid: true, expires at: 1776829604097
[debug] [2026-04-22T02:46:49.375Z] Checked if tokens are valid: true, expires at: 1776829604097
[debug] [2026-04-22T02:46:49.375Z] Checked if tokens are valid: true, expires at: 1776829604097
[debug] [2026-04-22T02:46:49.375Z] Checked if tokens are valid: true, expires at: 1776829604097
[debug] [2026-04-22T02:46:49.375Z] Checked if tokens are valid: true, expires at: 1776829604097
[debug] [2026-04-22T02:46:49.375Z] Checked if tokens are valid: true, expires at: 1776829604097
[debug] [2026-04-22T02:46:49.375Z] Checked if tokens are valid: true, expires at: 1776829604097
[debug] [2026-04-22T02:46:49.375Z] Checked if tokens are valid: true, expires at: 1776829604097
[debug] [2026-04-22T02:46:49.375Z] Checked if tokens are valid: true, expires at: 1776829604097
[debug] [2026-04-22T02:46:49.375Z] Checked if tokens are valid: true, expires at: 1776829604097
[debug] [2026-04-22T02:46:49.375Z] Checked if tokens are valid: true, expires at: 1776829604097
[debug] [2026-04-22T02:46:49.375Z] Checked if tokens are valid: true, expires at: 1776829604097
[debug] [2026-04-22T02:46:49.375Z] Checked if tokens are valid: true, expires at: 1776829604097
[debug] [2026-04-22T02:46:49.375Z] Checked if tokens are valid: true, expires at: 1776829604097
[debug] [2026-04-22T02:46:49.376Z] Checked if tokens are valid: true, expires at: 1776829604097
[debug] [2026-04-22T02:46:49.376Z] Checked if tokens are valid: true, expires at: 1776829604097
[debug] [2026-04-22T02:46:49.376Z] Checked if tokens are valid: true, expires at: 1776829604097
[debug] [2026-04-22T02:46:49.376Z] Checked if tokens are valid: true, expires at: 1776829604097
[debug] [2026-04-22T02:46:49.376Z] Checked if tokens are valid: true, expires at: 1776829604097
[debug] [2026-04-22T02:46:49.376Z] Checked if tokens are valid: true, expires at: 1776829604097
[debug] [2026-04-22T02:46:49.376Z] Checked if tokens are valid: true, expires at: 1776829604097
[debug] [2026-04-22T02:46:49.376Z] Checked if tokens are valid: true, expires at: 1776829604097
[debug] [2026-04-22T02:46:49.376Z] Checked if tokens are valid: true, expires at: 1776829604097
[debug] [2026-04-22T02:46:49.376Z] Checked if tokens are valid: true, expires at: 1776829604097
[debug] [2026-04-22T02:46:49.376Z] Checked if tokens are valid: true, expires at: 1776829604097
[debug] [2026-04-22T02:46:49.377Z] Checked if tokens are valid: true, expires at: 1776829604097
[debug] [2026-04-22T02:46:49.377Z] Checked if tokens are valid: true, expires at: 1776829604097
[debug] [2026-04-22T02:46:49.377Z] Checked if tokens are valid: true, expires at: 1776829604097
[debug] [2026-04-22T02:46:49.377Z] Checked if tokens are valid: true, expires at: 1776829604097
[debug] [2026-04-22T02:46:49.377Z] Checked if tokens are valid: true, expires at: 1776829604097
[debug] [2026-04-22T02:46:49.377Z] Checked if tokens are valid: true, expires at: 1776829604097
[debug] [2026-04-22T02:46:49.377Z] Checked if tokens are valid: true, expires at: 1776829604097
[debug] [2026-04-22T02:46:49.377Z] Checked if tokens are valid: true, expires at: 1776829604097
[debug] [2026-04-22T02:46:49.377Z] Checked if tokens are valid: true, expires at: 1776829604097
[debug] [2026-04-22T02:46:49.377Z] Checked if tokens are valid: true, expires at: 1776829604097
[debug] [2026-04-22T02:46:49.377Z] Checked if tokens are valid: true, expires at: 1776829604097
[debug] [2026-04-22T02:46:49.377Z] Checked if tokens are valid: true, expires at: 1776829604097
[debug] [2026-04-22T02:46:49.377Z] Checked if tokens are valid: true, expires at: 1776829604097
[debug] [2026-04-22T02:46:49.377Z] Checked if tokens are valid: true, expires at: 1776829604097
[debug] [2026-04-22T02:46:49.378Z] Checked if tokens are valid: true, expires at: 1776829604097
[debug] [2026-04-22T02:46:49.378Z] Checked if tokens are valid: true, expires at: 1776829604097
[debug] [2026-04-22T02:46:49.378Z] >>> [apiv2][query] POST https://upload-firebasehosting.googleapis.com/upload/sites/smarttaxi-2b1ec/versions/93fbb1b02653ee51/files/acc5de2b39049abf046967fb2a46674bce8a4ebd418bf19ce7e888d1e8133934 [none]
[debug] [2026-04-22T02:46:49.378Z] >>> [apiv2][body] POST https://upload-firebasehosting.googleapis.com/upload/sites/smarttaxi-2b1ec/versions/93fbb1b02653ee51/files/acc5de2b39049abf046967fb2a46674bce8a4ebd418bf19ce7e888d1e8133934 [stream]
[debug] [2026-04-22T02:46:49.380Z] >>> [apiv2][query] POST https://upload-firebasehosting.googleapis.com/upload/sites/smarttaxi-2b1ec/versions/93fbb1b02653ee51/files/c0f2123297a6283e03e8c1d01258dbeffc81bab08138a3a53c0172b9b89cac30 [none]
[debug] [2026-04-22T02:46:49.380Z] >>> [apiv2][body] POST https://upload-firebasehosting.googleapis.com/upload/sites/smarttaxi-2b1ec/versions/93fbb1b02653ee51/files/c0f2123297a6283e03e8c1d01258dbeffc81bab08138a3a53c0172b9b89cac30 [stream]
[debug] [2026-04-22T02:46:49.382Z] >>> [apiv2][query] POST https://upload-firebasehosting.googleapis.com/upload/sites/smarttaxi-2b1ec/versions/93fbb1b02653ee51/files/c6974345aede25b832235b1a57c21aadc6faaf7189cd049057dbeb280a112b35 [none]
[debug] [2026-04-22T02:46:49.382Z] >>> [apiv2][body] POST https://upload-firebasehosting.googleapis.com/upload/sites/smarttaxi-2b1ec/versions/93fbb1b02653ee51/files/c6974345aede25b832235b1a57c21aadc6faaf7189cd049057dbeb280a112b35 [stream]
[debug] [2026-04-22T02:46:49.384Z] >>> [apiv2][query] POST https://upload-firebasehosting.googleapis.com/upload/sites/smarttaxi-2b1ec/versions/93fbb1b02653ee51/files/6ee0f70fa48dd5ae3b416efbf56485763b6858b8bbc5287fb6b663ba9551790e [none]
[debug] [2026-04-22T02:46:49.384Z] >>> [apiv2][body] POST https://upload-firebasehosting.googleapis.com/upload/sites/smarttaxi-2b1ec/versions/93fbb1b02653ee51/files/6ee0f70fa48dd5ae3b416efbf56485763b6858b8bbc5287fb6b663ba9551790e [stream]
[debug] [2026-04-22T02:46:49.385Z] >>> [apiv2][query] POST https://upload-firebasehosting.googleapis.com/upload/sites/smarttaxi-2b1ec/versions/93fbb1b02653ee51/files/2118a8aa98e4765078e90cc0f4193e228a6e90b0176b5dd594d5d1c8dcb696b2 [none]
[debug] [2026-04-22T02:46:49.385Z] >>> [apiv2][body] POST https://upload-firebasehosting.googleapis.com/upload/sites/smarttaxi-2b1ec/versions/93fbb1b02653ee51/files/2118a8aa98e4765078e90cc0f4193e228a6e90b0176b5dd594d5d1c8dcb696b2 [stream]
[debug] [2026-04-22T02:46:49.386Z] >>> [apiv2][query] POST https://upload-firebasehosting.googleapis.com/upload/sites/smarttaxi-2b1ec/versions/93fbb1b02653ee51/files/d8cd295a0a833a763f9695bcd638bc610bc437e2bced1b66e4da984dd46c8ab8 [none]
[debug] [2026-04-22T02:46:49.386Z] >>> [apiv2][body] POST https://upload-firebasehosting.googleapis.com/upload/sites/smarttaxi-2b1ec/versions/93fbb1b02653ee51/files/d8cd295a0a833a763f9695bcd638bc610bc437e2bced1b66e4da984dd46c8ab8 [stream]
[debug] [2026-04-22T02:46:49.387Z] >>> [apiv2][query] POST https://upload-firebasehosting.googleapis.com/upload/sites/smarttaxi-2b1ec/versions/93fbb1b02653ee51/files/ab917280dca99650993413648950ecc9c12aa4e685d7991ab97a00e48736c398 [none]
[debug] [2026-04-22T02:46:49.387Z] >>> [apiv2][body] POST https://upload-firebasehosting.googleapis.com/upload/sites/smarttaxi-2b1ec/versions/93fbb1b02653ee51/files/ab917280dca99650993413648950ecc9c12aa4e685d7991ab97a00e48736c398 [stream]
[debug] [2026-04-22T02:46:49.388Z] >>> [apiv2][query] POST https://upload-firebasehosting.googleapis.com/upload/sites/smarttaxi-2b1ec/versions/93fbb1b02653ee51/files/bbb23a777fdd984c6dc18c69072c7054cd1675902dd15c8adaa5e45dd48d6275 [none]
[debug] [2026-04-22T02:46:49.388Z] >>> [apiv2][body] POST https://upload-firebasehosting.googleapis.com/upload/sites/smarttaxi-2b1ec/versions/93fbb1b02653ee51/files/bbb23a777fdd984c6dc18c69072c7054cd1675902dd15c8adaa5e45dd48d6275 [stream]
[debug] [2026-04-22T02:46:49.389Z] >>> [apiv2][query] POST https://upload-firebasehosting.googleapis.com/upload/sites/smarttaxi-2b1ec/versions/93fbb1b02653ee51/files/4217ec953235d06dee71b355247bf8b5f9a8ccf2965035e29f21a5ea6ef24d24 [none]
[debug] [2026-04-22T02:46:49.389Z] >>> [apiv2][body] POST https://upload-firebasehosting.googleapis.com/upload/sites/smarttaxi-2b1ec/versions/93fbb1b02653ee51/files/4217ec953235d06dee71b355247bf8b5f9a8ccf2965035e29f21a5ea6ef24d24 [stream]
[debug] [2026-04-22T02:46:49.389Z] >>> [apiv2][query] POST https://upload-firebasehosting.googleapis.com/upload/sites/smarttaxi-2b1ec/versions/93fbb1b02653ee51/files/2954e6cdd3c0c172557ee7bbca55f8e007bf5122d55728068e92baae0e6fd932 [none]
[debug] [2026-04-22T02:46:49.389Z] >>> [apiv2][body] POST https://upload-firebasehosting.googleapis.com/upload/sites/smarttaxi-2b1ec/versions/93fbb1b02653ee51/files/2954e6cdd3c0c172557ee7bbca55f8e007bf5122d55728068e92baae0e6fd932 [stream]
[debug] [2026-04-22T02:46:49.390Z] >>> [apiv2][query] POST https://upload-firebasehosting.googleapis.com/upload/sites/smarttaxi-2b1ec/versions/93fbb1b02653ee51/files/19e4252aa52d2c0c399df7434c976db66df3c4f3559701f09fd27dea71994e98 [none]
[debug] [2026-04-22T02:46:49.390Z] >>> [apiv2][body] POST https://upload-firebasehosting.googleapis.com/upload/sites/smarttaxi-2b1ec/versions/93fbb1b02653ee51/files/19e4252aa52d2c0c399df7434c976db66df3c4f3559701f09fd27dea71994e98 [stream]
[debug] [2026-04-22T02:46:49.390Z] >>> [apiv2][query] POST https://upload-firebasehosting.googleapis.com/upload/sites/smarttaxi-2b1ec/versions/93fbb1b02653ee51/files/8eed8a7556ab680312001f2fbc0d6b43a3e8fc51e58b26ff3db21a7cb72634ad [none]
[debug] [2026-04-22T02:46:49.390Z] >>> [apiv2][body] POST https://upload-firebasehosting.googleapis.com/upload/sites/smarttaxi-2b1ec/versions/93fbb1b02653ee51/files/8eed8a7556ab680312001f2fbc0d6b43a3e8fc51e58b26ff3db21a7cb72634ad [stream]
[debug] [2026-04-22T02:46:49.391Z] >>> [apiv2][query] POST https://upload-firebasehosting.googleapis.com/upload/sites/smarttaxi-2b1ec/versions/93fbb1b02653ee51/files/87f1192676a58e9eb882baa7b09498b0657f6a12d6c77ac110a7504eb3b4424f [none]
[debug] [2026-04-22T02:46:49.391Z] >>> [apiv2][body] POST https://upload-firebasehosting.googleapis.com/upload/sites/smarttaxi-2b1ec/versions/93fbb1b02653ee51/files/87f1192676a58e9eb882baa7b09498b0657f6a12d6c77ac110a7504eb3b4424f [stream]
[debug] [2026-04-22T02:46:49.391Z] >>> [apiv2][query] POST https://upload-firebasehosting.googleapis.com/upload/sites/smarttaxi-2b1ec/versions/93fbb1b02653ee51/files/0e9dd3475712258253cf7868950ab87f332b55019670973ba3c51443a1b4aea5 [none]
[debug] [2026-04-22T02:46:49.391Z] >>> [apiv2][body] POST https://upload-firebasehosting.googleapis.com/upload/sites/smarttaxi-2b1ec/versions/93fbb1b02653ee51/files/0e9dd3475712258253cf7868950ab87f332b55019670973ba3c51443a1b4aea5 [stream]
[debug] [2026-04-22T02:46:49.392Z] >>> [apiv2][query] POST https://upload-firebasehosting.googleapis.com/upload/sites/smarttaxi-2b1ec/versions/93fbb1b02653ee51/files/a7d0e347260da3e2a0eb777ceea2d73250caf3e9183c97c48a74ddc78ce6d640 [none]
[debug] [2026-04-22T02:46:49.392Z] >>> [apiv2][body] POST https://upload-firebasehosting.googleapis.com/upload/sites/smarttaxi-2b1ec/versions/93fbb1b02653ee51/files/a7d0e347260da3e2a0eb777ceea2d73250caf3e9183c97c48a74ddc78ce6d640 [stream]
[debug] [2026-04-22T02:46:49.392Z] >>> [apiv2][query] POST https://upload-firebasehosting.googleapis.com/upload/sites/smarttaxi-2b1ec/versions/93fbb1b02653ee51/files/3f5fa13efc3e608daacecadbb0ee476f7f0493ccf66010189a3db332ce678f72 [none]
[debug] [2026-04-22T02:46:49.392Z] >>> [apiv2][body] POST https://upload-firebasehosting.googleapis.com/upload/sites/smarttaxi-2b1ec/versions/93fbb1b02653ee51/files/3f5fa13efc3e608daacecadbb0ee476f7f0493ccf66010189a3db332ce678f72 [stream]
[debug] [2026-04-22T02:46:49.393Z] >>> [apiv2][query] POST https://upload-firebasehosting.googleapis.com/upload/sites/smarttaxi-2b1ec/versions/93fbb1b02653ee51/files/74d8869c75b6eb44a3ee6ed869ab43aa566f6bea38763c8eca9c0aac25cb084c [none]
[debug] [2026-04-22T02:46:49.393Z] >>> [apiv2][body] POST https://upload-firebasehosting.googleapis.com/upload/sites/smarttaxi-2b1ec/versions/93fbb1b02653ee51/files/74d8869c75b6eb44a3ee6ed869ab43aa566f6bea38763c8eca9c0aac25cb084c [stream]
[debug] [2026-04-22T02:46:49.393Z] >>> [apiv2][query] POST https://upload-firebasehosting.googleapis.com/upload/sites/smarttaxi-2b1ec/versions/93fbb1b02653ee51/files/08bede9c4543cc798b746330c5739d28323e90865b508cf6bc666ed4d662af32 [none]
[debug] [2026-04-22T02:46:49.393Z] >>> [apiv2][body] POST https://upload-firebasehosting.googleapis.com/upload/sites/smarttaxi-2b1ec/versions/93fbb1b02653ee51/files/08bede9c4543cc798b746330c5739d28323e90865b508cf6bc666ed4d662af32 [stream]
[debug] [2026-04-22T02:46:49.394Z] >>> [apiv2][query] POST https://upload-firebasehosting.googleapis.com/upload/sites/smarttaxi-2b1ec/versions/93fbb1b02653ee51/files/8c0bcb670b8fe0bacfdfb6ebe1afba36b7ed4304313ee2b56c5dfa22774d7331 [none]
[debug] [2026-04-22T02:46:49.394Z] >>> [apiv2][body] POST https://upload-firebasehosting.googleapis.com/upload/sites/smarttaxi-2b1ec/versions/93fbb1b02653ee51/files/8c0bcb670b8fe0bacfdfb6ebe1afba36b7ed4304313ee2b56c5dfa22774d7331 [stream]
[debug] [2026-04-22T02:46:49.394Z] >>> [apiv2][query] POST https://upload-firebasehosting.googleapis.com/upload/sites/smarttaxi-2b1ec/versions/93fbb1b02653ee51/files/6fa9400e02d2018d2102ad4f78af57d9c5603a609153cd3d1456d30ffdb270b9 [none]
[debug] [2026-04-22T02:46:49.394Z] >>> [apiv2][body] POST https://upload-firebasehosting.googleapis.com/upload/sites/smarttaxi-2b1ec/versions/93fbb1b02653ee51/files/6fa9400e02d2018d2102ad4f78af57d9c5603a609153cd3d1456d30ffdb270b9 [stream]
[debug] [2026-04-22T02:46:49.395Z] >>> [apiv2][query] POST https://upload-firebasehosting.googleapis.com/upload/sites/smarttaxi-2b1ec/versions/93fbb1b02653ee51/files/deb7d77b5006e6397e6926c587c3df0546b25ed7486b914d155977db08e3f16a [none]
[debug] [2026-04-22T02:46:49.395Z] >>> [apiv2][body] POST https://upload-firebasehosting.googleapis.com/upload/sites/smarttaxi-2b1ec/versions/93fbb1b02653ee51/files/deb7d77b5006e6397e6926c587c3df0546b25ed7486b914d155977db08e3f16a [stream]
[debug] [2026-04-22T02:46:49.395Z] >>> [apiv2][query] POST https://upload-firebasehosting.googleapis.com/upload/sites/smarttaxi-2b1ec/versions/93fbb1b02653ee51/files/294119653326bf9a2fa3759503b44a0ebc0ce85e9a6cc28c866d27811df07c38 [none]
[debug] [2026-04-22T02:46:49.395Z] >>> [apiv2][body] POST https://upload-firebasehosting.googleapis.com/upload/sites/smarttaxi-2b1ec/versions/93fbb1b02653ee51/files/294119653326bf9a2fa3759503b44a0ebc0ce85e9a6cc28c866d27811df07c38 [stream]
[debug] [2026-04-22T02:46:49.396Z] >>> [apiv2][query] POST https://upload-firebasehosting.googleapis.com/upload/sites/smarttaxi-2b1ec/versions/93fbb1b02653ee51/files/975fa36eae2e722e313e8f7fbf35904791ae62a98c8fefde541392f654fa14c9 [none]
[debug] [2026-04-22T02:46:49.396Z] >>> [apiv2][body] POST https://upload-firebasehosting.googleapis.com/upload/sites/smarttaxi-2b1ec/versions/93fbb1b02653ee51/files/975fa36eae2e722e313e8f7fbf35904791ae62a98c8fefde541392f654fa14c9 [stream]
[debug] [2026-04-22T02:46:49.397Z] [hosting][populate queue][FINAL] {"max":744,"min":744,"avg":744,"active":0,"complete":1,"success":1,"errored":0,"retried":0,"total":1,"elapsed":763}
[debug] [2026-04-22T02:46:49.397Z] [hosting] uploads queued: 23
